// Jest Snapshot v1, https://goo.gl/fbAQLP

exports[`Header should render with default styles 1`] = `
.circuit-6 {
  max-width: 80rem;
  margin-right: auto;
  margin-left: auto;
}

@media (min-width:600px) {
  .circuit-6 {
    padding-right: 2rem;
    padding-left: 2rem;
  }
}

@media (min-width:600px) {
  .circuit-6 {
    padding-right: 2rem;
    padding-left: 2rem;
  }
}

.circuit-4 {
  width: 100%;
  height: 25rem;
  background-color: #15191d;
  background-image: url("https://source.unsplash.com/pineapple.png?w=1500&h=500");
  background-size: cover;
  background-repeat: no-repeat;
  background-position: center;
  margin-bottom: 3rem;
  position: relative;
}

.circuit-4::after {
  content: '';
  display: block;
  position: absolute;
  width: 100%;
  height: 100%;
  background-color: #15191d;
  top: 0;
  opacity: 0.2;
}

@media (min-width:600px) {
  .circuit-4 {
    border-radius: 6px;
    overflow: hidden;
  }
}

.circuit-2 {
  display: grid;
  grid-template-columns: repeat(12,[col-start] minmax(0,1fr));
  grid-column-gap: 1rem;
  max-width: 67.5rem;
  margin-right: auto;
  margin-left: auto;
  padding-right: 1rem;
  padding-left: 1rem;
  position: relative;
  height: 100%;
}

@media (min-width:600px) {
  .circuit-2 {
    padding-right: 2rem;
    padding-left: 2rem;
  }
}

.circuit-0 {
  font-size: 3rem;
  color: #fff;
  grid-column: 1 / -1;
  position: absolute;
  bottom: 3rem;
  margin: 0;
  z-index: 1;
  text-shadow: 1px 2px 6px rgba(0,0,0,0.2);
}

@media (min-width:600px) {
  .circuit-0 {
    grid-column: 1 / 10;
    bottom: 4rem;
  }
}

@media (min-width:900px) {
  .circuit-0 {
    grid-column: 1 / 8;
    bottom: 5rem;
  }
}

<header
  class="circuit-6 circuit-7"
>
  <div
    class="circuit-4 circuit-5"
  >
    <div
      class="circuit-2 circuit-3"
    >
      <h1
        class="circuit-0 circuit-1"
      >
        Pineapple
      </h1>
    </div>
  </div>
</header>
`;
