// Jest Snapshot v1, https://goo.gl/fbAQLP

exports[`Highlight should render with default styles 1`] = `
.circuit-0 {
  display: inline;
  color: #000;
  background-color: #fff3bf;
}

.circuit-0::before,
.circuit-0::after {
  border: 0;
  -webkit-clip: rect(0 0 0 0);
  clip: rect(0 0 0 0);
  -webkit-clip-path: inset(50%);
  clip-path: inset(50%);
  height: 1px;
  margin: -1px;
  overflow: hidden;
  padding: 0;
  position: absolute;
  white-space: nowrap;
  width: 1px;
}

.circuit-0::before {
  content: ' [highlight start] ';
}

.circuit-0::after {
  content: ' [highlight end] ';
}

@media screen and (-ms-high-contrast:active) {
  .circuit-0 {
    color: HighlightText;
    background-color: Highlight;
  }
}

@media print {
  .circuit-0 {
    border: 1pt dotted #000000;
  }
}

<mark
  class="circuit-0 circuit-1"
>
  Bacon ipsum dolor amet swine shank biltong ham bacon.
</mark>
`;
