// Jest Snapshot v1, https://goo.gl/fbAQLP

exports[`Layout should render with default styles 1`] = `
.circuit-0 {
  max-width: 80rem;
  margin-right: auto;
  margin-left: auto;
}

@media (min-width:600px) {
  .circuit-0 {
    padding-right: 2rem;
    padding-left: 2rem;
  }
}

<div
  class="circuit-0 circuit-1"
>
  label
</div>
`;
