// Jest Snapshot v1, https://goo.gl/fbAQLP

exports[`Column should render with default styles 1`] = `
.circuit-0 {
  grid-area: column-1;
  -webkit-align-self: center;
  -ms-flex-item-align: center;
  align-self: center;
  display: -webkit-box;
  display: -webkit-flex;
  display: -ms-flexbox;
  display: flex;
  -webkit-flex-direction: column;
  -ms-flex-direction: column;
  flex-direction: column;
}

@media (min-width:600px) {
  .circuit-0 > *:first-child {
    padding-top: 0;
    margin-top: 0;
  }

  .circuit-0 > *:last-child {
    padding-bottom: 0;
    margin-bottom: 0;
  }
}

<div
  class="circuit-0 circuit-1"
>
  label
</div>
`;
