// Jest Snapshot v1, https://goo.gl/fbAQLP

exports[`Embed should render with default styles 1`] = `
.circuit-2 {
  width: 100%;
  height: 0;
  padding-top: NaN%;
  background-color: #15191d;
  border-radius: 6px;
  overflow: hidden;
  margin: 2rem 0;
  position: relative;
}

.circuit-0 {
  max-width: 100%;
  position: absolute;
  top: 0;
  width: 100%;
  height: 100%;
  z-index: 1;
}

<div
  class="circuit-2 circuit-3"
>
  <iframe
    allowfullscreen=""
    class="circuit-0 circuit-1"
    frameborder="0"
    referrerpolicy="no-referrer"
    sandbox="allow-forms allow-presentation allow-scripts allow-popups allow-popups-to-escape-sandbox"
    src="https://example.com"
    title="Example website"
  />
</div>
`;
