// Jest Snapshot v1, https://goo.gl/fbAQLP

exports[`Image should render with default styles 1`] = `
.circuit-0 {
  color: #1fb7e3;
  -webkit-transition: color 0.1s ease-in-out,border 0.1s ease-in-out;
  transition: color 0.1s ease-in-out,border 0.1s ease-in-out;
}

.circuit-0:visited {
  color: #5f3dc4;
}

.circuit-0:hover {
  color: #1fb7e3;
}

.circuit-0:focus {
  outline: thin solid currentColor;
  outline-offset: 0.25em;
}

.circuit-0:active {
  color: #1fb7e3;
}

<a
  class="circuit-0 circuit-1"
/>
`;
