// Jest Snapshot v1, https://goo.gl/fbAQLP

exports[`Paragraph should render with default styles 1`] = `
.circuit-0 {
  line-height: 1.75rem;
  margin: 1rem 0;
}

<p
  class="circuit-0 circuit-1"
>
  Bacon ipsum dolor amet swine shank biltong ham bacon.
</p>
`;
